export const snapshot = {};

snapshot[`BencodexDictionary > [Deno.customInspect]() 1`] = `
'BencodexDictionary { "foo": "dup", "baz": "qux", Uint8Array(3) [ 1, 2, 3 ]: "dup", Uint8Array(3) [ 4, 5, 6 ]: "qux", Uint8Array(64) [
  0, 0, 0, 0, 0, 0, 0, 0, 0, 0, 0, 0, 0,
  0, 0, 0, 0, 0, 0, 0, 0, 0, 0, 0, 0, 0,
  0, 0, 0, 0, 0, 0, 0, 0, 0, 0, 0, 0, 0,
  0, 0, 0, 0, 0, 0, 0, 0, 0, 0, 0, 0, 0,
  0, 0, 0, 0, 0, 0, 0, 0, 0, 0, 0, 0
]: "dup", Uint8Array(64) [
  1, 1, 1, 1, 1, 1, 1, 1, 1, 1, 1, 1, 1,
  1, 1, 1, 1, 1, 1, 1, 1, 1, 1, 1, 1, 1,
  1, 1, 1, 1, 1, 1, 1, 1, 1, 1, 1, 1, 1,
  1, 1, 1, 1, 1, 1, 1, 1, 1, 1, 1, 1, 1,
  1, 1, 1, 1, 1, 1, 1, 1, 1, 1, 1, 1
]: "qux" }'
`;

snapshot[`RecordView > [Deno.customInspect]() 1`] = `'RecordView { { foo: "bar", baz: "qux", "단팥": { spam: "span", eggs: "ham" } }'`;

snapshot[`RecordView > [Deno.customInspect]() 2`] = `'RecordView { { foo: "bar", baz: "qux", "단팥": { spam: "span", eggs: "ham" } }'`;
